[Licensing::Module] Trying to connect to existing licensing client channel...
Built from '6000.3/staging' branch; Version is '6000.3.20f1 (c9ba695d4f07) revision 13220457'; Using compiler version '194234433'; Build Type 'Release'
[Licensing::IpcConnector] Channel LicenseClient-vijay doesn't exist
OS: 'Windows 11  (10.0.22631) Core' Language: 'en' Physical Memory: 32694 MB
BatchMode: 1, IsHumanControllingUs: 0, StartBugReporterOnCrash: 0, Is64bit: 1
System  architecture: x64
Process architecture: x64
Date: 2026-07-25T00:54:49Z
[Licensing::Module] Successfully launched the LicensingClient (PId: 4056)

COMMAND LINE ARGUMENTS:
C:\Program Files\Unity\Hub\Editor\6000.3.20f1\Editor\Unity.exe
-batchmode
-nographics
-projectPath
C:\Users\vijay\GameWorkspace\WorldBuilderGame
-executeMethod
WorldBuilder.Editor.CombatLabSceneBuilder.BuildFromCommandLine
-logFile
C:\Users\vijay\GameWorkspace\WorldBuilderGame\Artifacts\restore-initial-attack.log
Successfully changed project path to: C:\Users\vijay\GameWorkspace\WorldBuilderGame
C:/Users/vijay/GameWorkspace/WorldBuilderGame
Exiting without the bug reporter. Application will terminate with return code 1